
running 18 tests
test parser::grammar::expr::tests::test_arrow_expressions ... FAILED
test parser::grammar::expr::tests::test_literal_expressions ... ok
test tests::test_empty ... ok
test parser::grammar::expr::tests::test_prefix_expressions ... ok
test parser::tests::test_empty ... ok
test parser::grammar::expr::tests::test_path_expressions ... ok
test parser::grammar::expr::tests::test_if_expressions ... FAILED
test parser::grammar::expr::tests::test_array_expressions ... FAILED
test parser::grammar::expr::tests::test_block_expressions ... FAILED
test parser::grammar::expr::tests::test_let_expressions ... FAILED
test parser::grammar::expr::tests::test_lambda_expressions ... FAILED
test parser::grammar::expr::tests::test_paren_expressions ... FAILED
test parser::grammar::expr::tests::test_map_expressions ... FAILED
test parser::grammar::expr::tests::test_struct_expressions ... FAILED
test parser::grammar::expr::tests::test_match_expressions ... FAILED
test tests::test_function ... FAILED
test parser::grammar::expr::tests::test_tuple_expressions ... FAILED
test parser::tests::test_function ... FAILED

failures:

---- parser::grammar::expr::tests::test_arrow_expressions stdout ----
Source::peek_token - starting at pos=0, char='w'
Source::peek_token - token IDENT with text "write"
field - starting with token: Token { kind: IDENT, is_joined_to_next: false, len: 5 }
call - starting with token: Token { kind: IDENT, is_joined_to_next: false, len: 5 }
atom - starting with token: Token { kind: IDENT, is_joined_to_next: false, len: 5 }
atom - trying path
path - starting with token: Token { kind: IDENT, is_joined_to_next: false, len: 5 }
path_segment - starting with token: Token { kind: IDENT, is_joined_to_next: false, len: 5 }
TreeSink::token - adding token IDENT with text "write"
Source::peek_token - starting at pos=0, char='('
Source::peek_token - token L_PAREN with text "("
path_segment - parsed identifier, current token: Token { kind: L_PAREN, is_joined_to_next: false, len: 1 }
path_segment - finished node
path - parsed first segment, current token: Token { kind: L_PAREN, is_joined_to_next: false, len: 1 }
path - finished node
atom - returning true
call - parsed atom, current token: Token { kind: L_PAREN, is_joined_to_next: false, len: 1 }
call - found call arguments
call - starting CALL_EXPR node
call - adding L_PAREN token
TreeSink::token - adding token L_PAREN with text "("
Source::peek_token - starting at pos=0, char='x'
Source::peek_token - token IDENT with text "x"
binary - starting with token: Token { kind: IDENT, is_joined_to_next: false, len: 1 }
path - starting with token: Token { kind: IDENT, is_joined_to_next: false, len: 1 }
path_segment - starting with token: Token { kind: IDENT, is_joined_to_next: false, len: 1 }
TreeSink::token - adding token IDENT with text "x"
Source::peek_token - starting at pos=0, char=')'
Source::peek_token - token R_PAREN with text ")"
path_segment - parsed identifier, current token: Token { kind: R_PAREN, is_joined_to_next: false, len: 1 }
path_segment - finished node
path - parsed first segment, current token: Token { kind: R_PAREN, is_joined_to_next: false, len: 1 }
path - finished node
call - expecting R_PAREN token
TreeSink::token - adding token R_PAREN with text ")"
Source::peek_token - starting at pos=0, char='?'
Source::peek_token - unhandled char: '?'
Source::peek_token - token ERROR with text "?"
call - finishing CALL_EXPR node
field - parsed call expression, current token: Token { kind: ERROR, is_joined_to_next: false, len: 1 }
thread 'parser::grammar::expr::tests::test_arrow_expressions' panicked at C:\Users\varun\.cargo\registry\src\index.crates.io-6f17d22bba15001f\rowan-0.15.16\src\green\builder.rs:125:9:
assertion `left == right` failed
  left: 2
 right: 1
note: run with `RUST_BACKTRACE=1` environment variable to display a backtrace

---- parser::grammar::expr::tests::test_if_expressions stdout ----
Source::peek_token - starting at pos=0, char='i'
Source::peek_token - token IF_KW with text "if"
TreeSink::token - adding token IF_KW with text "i"
Source::peek_token - starting at pos=0, char=' '
Source::peek_token - token WHITESPACE with text " "
TreeSink::token - adding token WHITESPACE with text "f"
Source::peek_token - starting at pos=0, char='x'
Source::peek_token - token IDENT with text "x"
binary - starting with token: Token { kind: IDENT, is_joined_to_next: false, len: 1 }
path - starting with token: Token { kind: IDENT, is_joined_to_next: false, len: 1 }
path_segment - starting with token: Token { kind: IDENT, is_joined_to_next: false, len: 1 }
TreeSink::token - adding token IDENT with text "x"
Source::peek_token - starting at pos=0, char=' '
Source::peek_token - token WHITESPACE with text " "
path_segment - parsed identifier, current token: Token { kind: WHITESPACE, is_joined_to_next: false, len: 1 }
path_segment - finished node
path - parsed first segment, current token: Token { kind: WHITESPACE, is_joined_to_next: false, len: 1 }
path - finished node
TreeSink::token - adding token WHITESPACE with text ">"
Source::peek_token - starting at pos=0, char='>'
Source::peek_token - token R_ANGLE with text ">"
binary - starting with token: Token { kind: R_ANGLE, is_joined_to_next: false, len: 1 }
path - starting with token: Token { kind: R_ANGLE, is_joined_to_next: false, len: 1 }
path - not an identifier
Literal parser - current token: Token { kind: R_ANGLE, is_joined_to_next: false, len: 1 }
Literal parser - no match for token kind R_ANGLE
prefix_expr - starting with token: Token { kind: R_ANGLE, is_joined_to_next: false, len: 1 }
prefix_expr - no prefix operator, trying field expression
field - starting with token: Token { kind: R_ANGLE, is_joined_to_next: false, len: 1 }
call - starting with token: Token { kind: R_ANGLE, is_joined_to_next: false, len: 1 }
atom - starting with token: Token { kind: R_ANGLE, is_joined_to_next: false, len: 1 }
atom - no match for token kind R_ANGLE
atom - returning false
call - failed to parse atom
field - failed to parse call expression


[1m[91merror[97m: expect test failed[0m
   [1m[34m-->[0m crates\parallax-lang\src\parser\grammar\expr.rs:1291:13

You can update all `expect!` tests by running:

    env UPDATE_EXPECT=1 cargo test

To update a single test, place the cursor on `expect` token and use `run` feature of rust-analyzer.

[1mExpect[0m:
----
IF_EXPR@0..22
  IF_KW@0..2 "if"
  BINARY_EXPR@3..8
    PATH@3..4
      PATH_SEGMENT@3..4
        IDENT@3..4 "x"
    GT@5..6 ">"
    LITERAL_EXPR@7..8
      NUMBER@7..8 "0"
  THEN_KW@9..13 "then"
  PATH@14..15
    PATH_SEGMENT@14..15
      IDENT@14..15
        IDENT@14..15 "y"
  ELSE_KW@16..20 "else"
  PATH@21..22
    PATH_SEGMENT@21..22
      IDENT@21..22
        IDENT@21..22 "z"
----

[1mActual[0m:
----
IF_EXPR@0..4
  IF_KW@0..1 "i"
  WHITESPACE@1..2 "f"
  PATH@2..3
    PATH_SEGMENT@2..3
      IDENT@2..3 "x"
  WHITESPACE@3..4 ">"
----

[1mDiff[0m:
----
IF_EXPR@0..[4m[31m22[0m[4m[32m4[0m
  IF_KW@0..[4m[31m2[0m[4m[32m1[0m "i[4m[31mf[0m"
  [4m[31mBINARY_EXPR@3..8
    PATH@3..4
      PATH_SEGMENT@3..4
        IDENT@3..4 "x"
    GT@5..6 ">"
    LITERAL_EXPR@7..8
      NUMBER@7..8 "0"
  THEN_KW@9..13 "then"
  PATH@14..15
    PATH_SEGMENT@14..15
      IDENT@14..15
        IDENT@14..15 "y"
  ELSE_KW[0m[4m[32mWHITESPACE[0m@1[4m[31m6[0m..2[4m[31m0[0m "[4m[31melse[0m[4m[32mf[0m"
  PATH@2[4m[31m1[0m..[4m[31m22[0m[4m[32m3[0m
    PATH_SEGMENT@2[4m[31m1[0m..[4m[31m22[0m[4m[32m3[0m
      IDENT@2[4m[31m1[0m..[4m[31m22
        IDENT@21..22[0m[4m[32m3 "x"
  WHITESPACE@3..4[0m "[4m[31mz[0m[4m[32m>[0m"
----


---- parser::grammar::expr::tests::test_array_expressions stdout ----
Source::peek_token - starting at pos=0, char='['
Source::peek_token - token L_BRACK with text "["
TreeSink::token - adding token L_BRACK with text "["
Source::peek_token - starting at pos=0, char=']'
Source::peek_token - token R_BRACK with text "]"
TreeSink::token - adding token R_BRACK with text "]"
Source::peek_token - starting at pos=0, char='['
Source::peek_token - token L_BRACK with text "["
TreeSink::token - adding token L_BRACK with text "["
Source::peek_token - starting at pos=0, char='1'
Source::peek_token - token NUMBER with text "1"
binary - starting with token: Token { kind: NUMBER, is_joined_to_next: false, len: 1 }
path - starting with token: Token { kind: NUMBER, is_joined_to_next: false, len: 1 }
path - not an identifier
Literal parser - current token: Token { kind: NUMBER, is_joined_to_next: false, len: 1 }
Literal parser - starting node
Literal parser - adding token kind=NUMBER len=1
TreeSink::token - adding token NUMBER with text "1"
Literal parser - bumping token
Source::peek_token - starting at pos=0, char=','
Source::peek_token - token COMMA with text ","
Literal parser - finishing node
TreeSink::token - adding token COMMA with text ","
Source::peek_token - starting at pos=0, char=' '
Source::peek_token - token WHITESPACE with text " "
TreeSink::token - adding token WHITESPACE with text "2"
Source::peek_token - starting at pos=0, char='2'
Source::peek_token - token NUMBER with text "2"
binary - starting with token: Token { kind: NUMBER, is_joined_to_next: false, len: 1 }
path - starting with token: Token { kind: NUMBER, is_joined_to_next: false, len: 1 }
path - not an identifier
Literal parser - current token: Token { kind: NUMBER, is_joined_to_next: false, len: 1 }
Literal parser - starting node
Literal parser - adding token kind=NUMBER len=1
TreeSink::token - adding token NUMBER with text ","
Literal parser - bumping token
Source::peek_token - starting at pos=0, char=','
Source::peek_token - token COMMA with text ","
Literal parser - finishing node
TreeSink::token - adding token COMMA with text "3"
Source::peek_token - starting at pos=0, char=' '
Source::peek_token - token WHITESPACE with text " "
TreeSink::token - adding token WHITESPACE with text "]"
Source::peek_token - starting at pos=0, char='3'
Source::peek_token - token NUMBER with text "3"
binary - starting with token: Token { kind: NUMBER, is_joined_to_next: false, len: 1 }
path - starting with token: Token { kind: NUMBER, is_joined_to_next: false, len: 1 }
path - not an identifier
Literal parser - current token: Token { kind: NUMBER, is_joined_to_next: false, len: 1 }
Literal parser - starting node
Literal parser - adding token kind=NUMBER len=1
TreeSink::token - adding token NUMBER with text ""
Literal parser - bumping token
Source::peek_token - starting at pos=0, char=']'
Source::peek_token - token R_BRACK with text "]"
Literal parser - finishing node
TreeSink::token - adding token R_BRACK with text ""


[1m[91merror[97m: expect test failed[0m
   [1m[34m-->[0m crates\parallax-lang\src\parser\grammar\expr.rs:1425:13

[1mExpect[0m:
----
ARRAY_EXPR@0..9
  L_BRACK@0..1 "["
  LITERAL_EXPR@1..2
    NUMBER@1..2 "1"
  COMMA@2..3 ","
  LITERAL_EXPR@4..5
    NUMBER@4..5 "2"
  COMMA@5..6 ","
  LITERAL_EXPR@7..8
    NUMBER@7..8 "3"
  R_BRACK@8..9 "]"
----

[1mActual[0m:
----
ARRAY_EXPR@0..7
  L_BRACK@0..1 "["
  LITERAL_EXPR@1..2
    NUMBER@1..2 "1"
  COMMA@2..3 ","
  WHITESPACE@3..4 "2"
  LITERAL_EXPR@4..5
    NUMBER@4..5 ","
  COMMA@5..6 "3"
  WHITESPACE@6..7 "]"
  LITERAL_EXPR@7..7
    NUMBER@7..7 ""
  R_BRACK@7..7 ""
----

[1mDiff[0m:
----
ARRAY_EXPR@0..[4m[31m9[0m[4m[32m7[0m
  L_BRACK@0..1 "["
  LITERAL_EXPR@1..2
    NUMBER@1..2 "1"
  COMMA@2..3 ","
[4m[32m  WHITESPACE@3..4 "2"
[0m  LITERAL_EXPR@4..5
    NUMBER@4..5 "[4m[31m2[0m[4m[32m,[0m"
  COMMA@5..6 "[4m[31m,[0m[4m[32m3"
  WHITESPACE@6..7 "][0m"
  LITERAL_EXPR@7..[4m[31m8[0m[4m[32m7[0m
    NUMBER@7..[4m[31m8[0m[4m[32m7[0m "[4m[31m3[0m"
  R_BRACK@[4m[31m8[0m[4m[32m7[0m..[4m[31m9[0m[4m[32m7[0m "[4m[31m][0m"
----


---- parser::grammar::expr::tests::test_block_expressions stdout ----
Source::peek_token - starting at pos=0, char='{'
Source::peek_token - token L_CURLY with text "{"
TreeSink::token - adding token L_CURLY with text "{"
Source::peek_token - starting at pos=0, char='}'
Source::peek_token - token R_CURLY with text "}"
TreeSink::token - adding token R_CURLY with text "}"
Source::peek_token - starting at pos=0, char='{'
Source::peek_token - token L_CURLY with text "{"
TreeSink::token - adding token L_CURLY with text "{"
Source::peek_token - starting at pos=0, char=' '
Source::peek_token - token WHITESPACE with text " "
TreeSink::token - adding token WHITESPACE with text "l"
Source::peek_token - starting at pos=0, char='l'
Source::peek_token - token LET_KW with text "let"
TreeSink::token - adding token LET_KW with text "et "
Source::peek_token - starting at pos=0, char=' '
Source::peek_token - token WHITESPACE with text " "
TreeSink::token - adding token WHITESPACE with text "x"
Source::peek_token - starting at pos=0, char='x'
Source::peek_token - token IDENT with text "x"
TreeSink::token - adding token IDENT with text "="
Source::peek_token - starting at pos=0, char=' '
Source::peek_token - token WHITESPACE with text " "
TreeSink::token - adding token WHITESPACE with text "1"
Source::peek_token - starting at pos=0, char='='
Source::peek_token - token EQ with text "="
TreeSink::token - adding token EQ with text ";"
Source::peek_token - starting at pos=0, char=' '
Source::peek_token - token WHITESPACE with text " "
TreeSink::token - adding token WHITESPACE with text "x"
Source::peek_token - starting at pos=0, char='1'
Source::peek_token - token NUMBER with text "1"
binary - starting with token: Token { kind: NUMBER, is_joined_to_next: false, len: 1 }
path - starting with token: Token { kind: NUMBER, is_joined_to_next: false, len: 1 }
path - not an identifier
Literal parser - current token: Token { kind: NUMBER, is_joined_to_next: false, len: 1 }
Literal parser - starting node
Literal parser - adding token kind=NUMBER len=1
TreeSink::token - adding token NUMBER with text "}"
Literal parser - bumping token
Source::peek_token - starting at pos=0, char=';'
Source::peek_token - token SEMICOLON with text ";"
Literal parser - finishing node
TreeSink::token - adding token SEMICOLON with text ""
Source::peek_token - starting at pos=0, char=' '
Source::peek_token - token WHITESPACE with text " "
TreeSink::token - adding token WHITESPACE with text ""
Source::peek_token - starting at pos=0, char='x'
Source::peek_token - token IDENT with text "x"
binary - starting with token: Token { kind: IDENT, is_joined_to_next: false, len: 1 }
path - starting with token: Token { kind: IDENT, is_joined_to_next: false, len: 1 }
path_segment - starting with token: Token { kind: IDENT, is_joined_to_next: false, len: 1 }
TreeSink::token - adding token IDENT with text ""
Source::peek_token - starting at pos=0, char=' '
Source::peek_token - token WHITESPACE with text " "
path_segment - parsed identifier, current token: Token { kind: WHITESPACE, is_joined_to_next: false, len: 1 }
path_segment - finished node
path - parsed first segment, current token: Token { kind: WHITESPACE, is_joined_to_next: false, len: 1 }
path - finished node
TreeSink::token - adding token WHITESPACE with text ""
Source::peek_token - starting at pos=0, char='}'
Source::peek_token - token R_CURLY with text "}"
TreeSink::token - adding token R_CURLY with text ""


[1m[91merror[97m: expect test failed[0m
   [1m[34m-->[0m crates\parallax-lang\src\parser\grammar\expr.rs:1216:13

[1mExpect[0m:
----
BLOCK_EXPR@0..16
  L_CURLY@0..1 "{"
  WHITESPACE@1..2 " "
  LET_STMT@2..11
    LET_KW@2..5 "let"
    WHITESPACE@5..6 " "
    BIND_PAT@6..7
      IDENT@6..7 "x"
    WHITESPACE@7..8 " "
    EQ@8..9 "="
    WHITESPACE@9..10 " "
    LITERAL_EXPR@10..11
      NUMBER@10..11 "1"
  SEMICOLON@11..12 ";"
  WHITESPACE@12..13 " "
  PATH@13..14
    PATH_SEGMENT@13..14
      IDENT@13..14 "x"
  WHITESPACE@14..15 " "
  R_CURLY@15..16 "}"
----

[1mActual[0m:
----
BLOCK_EXPR@0..11
  L_CURLY@0..1 "{"
  WHITESPACE@1..2 "l"
  LET_STMT@2..11
    LET_KW@2..5 "et "
    WHITESPACE@5..6 "x"
    BIND_PAT@6..7
      IDENT@6..7 "="
    WHITESPACE@7..8 "1"
    EQ@8..9 ";"
    WHITESPACE@9..10 "x"
    LITERAL_EXPR@10..11
      NUMBER@10..11 "}"
  SEMICOLON@11..11 ""
  WHITESPACE@11..11 ""
  PATH@11..11
    PATH_SEGMENT@11..11
      IDENT@11..11 ""
  WHITESPACE@11..11 ""
  R_CURLY@11..11 ""
----

[1mDiff[0m:
----
BLOCK_EXPR@0..1[4m[31m6[0m[4m[32m1[0m
  L_CURLY@0..1 "{"
  WHITESPACE@1..2 "[4m[31m [0m[4m[32ml[0m"
  LET_STMT@2..11
    LET_KW@2..5 "[4m[31ml[0met[4m[32m [0m"
    WHITESPACE@5..6 "[4m[31m [0m[4m[32mx[0m"
    BIND_PAT@6..7
      IDENT@6..7 "[4m[31mx[0m[4m[32m=[0m"
    WHITESPACE@7..8 "[4m[31m [0m[4m[32m1[0m"
    EQ@8..9 "[4m[31m=[0m[4m[32m;[0m"
    WHITESPACE@9..10 "[4m[31m [0m[4m[32mx[0m"
    LITERAL_EXPR@10..11
      NUMBER@10..11 "[4m[31m1[0m[4m[32m}[0m"
  SEMICOLON@11..1[4m[31m2[0m[4m[32m1[0m "[4m[31m;[0m"
  WHITESPACE@1[4m[31m2[0m[4m[32m1[0m..1[4m[31m3[0m[4m[32m1[0m "[4m[31m [0m"
  PATH@1[4m[31m3[0m[4m[32m1[0m..1[4m[31m4[0m[4m[32m1[0m
    PATH_SEGMENT@1[4m[31m3[0m[4m[32m1[0m..1[4m[31m4[0m[4m[32m1[0m
      IDENT@1[4m[31m3[0m[4m[32m1[0m..1[4m[31m4[0m[4m[32m1[0m "[4m[31mx[0m"
  WHITESPACE@1[4m[31m4[0m[4m[32m1[0m..1[4m[31m5[0m[4m[32m1[0m "[4m[31m [0m"
  R_CURLY@1[4m[31m5[0m[4m[32m1[0m..1[4m[31m6[0m[4m[32m1[0m "[4m[31m}[0m"
----


---- parser::grammar::expr::tests::test_let_expressions stdout ----
Source::peek_token - starting at pos=0, char='l'
Source::peek_token - token LET_KW with text "let"
TreeSink::token - adding token LET_KW with text "l"
Source::peek_token - starting at pos=0, char=' '
Source::peek_token - token WHITESPACE with text " "
TreeSink::token - adding token WHITESPACE with text "e"
Source::peek_token - starting at pos=0, char='x'
Source::peek_token - token IDENT with text "x"
Source::peek_token - starting at pos=0, char=' '
Source::peek_token - token WHITESPACE with text " "
Source::peek_token - starting at pos=0, char='='
Source::peek_token - token EQ with text "="
path - starting with token: Token { kind: IDENT, is_joined_to_next: false, len: 1 }
path_segment - starting with token: Token { kind: IDENT, is_joined_to_next: false, len: 1 }
TreeSink::token - adding token IDENT with text "t"
Source::peek_token - starting at pos=0, char=' '
Source::peek_token - token WHITESPACE with text " "
path_segment - parsed identifier, current token: Token { kind: WHITESPACE, is_joined_to_next: false, len: 1 }
path_segment - finished node
path - parsed first segment, current token: Token { kind: WHITESPACE, is_joined_to_next: false, len: 1 }
path - finished node
TreeSink::token - adding token WHITESPACE with text "x"
Source::peek_token - starting at pos=0, char='='
Source::peek_token - token EQ with text "="
TreeSink::token - adding token EQ with text "="
Source::peek_token - starting at pos=0, char=' '
Source::peek_token - token WHITESPACE with text " "
TreeSink::token - adding token WHITESPACE with text "4"
Source::peek_token - starting at pos=0, char='4'
Source::peek_token - token NUMBER with text "42"
binary - starting with token: Token { kind: NUMBER, is_joined_to_next: false, len: 2 }
path - starting with token: Token { kind: NUMBER, is_joined_to_next: false, len: 2 }
path - not an identifier
Literal parser - current token: Token { kind: NUMBER, is_joined_to_next: false, len: 2 }
Literal parser - starting node
Literal parser - adding token kind=NUMBER len=2
TreeSink::token - adding token NUMBER with text "2"
Literal parser - bumping token
Literal parser - finishing node


[1m[91merror[97m: expect test failed[0m
   [1m[34m-->[0m crates\parallax-lang\src\parser\grammar\expr.rs:1526:13

[1mExpect[0m:
----
LET_EXPR@0..10
  LET_KW@0..3 "let"
  BIND_PAT@4..5
    IDENT@4..5 "x"
  EQ@6..7 "="
  LITERAL_EXPR@8..10
    NUMBER@8..10 "42"
----

[1mActual[0m:
----
LET_EXPR@0..7
  LET_KW@0..1 "l"
  WHITESPACE@1..2 "e"
  PATH_PAT@2..3
    PATH@2..3
      PATH_SEGMENT@2..3
        IDENT@2..3 "t"
  WHITESPACE@3..4 "x"
  EQ@4..5 "="
  WHITESPACE@5..6 "4"
  LITERAL_EXPR@6..7
    NUMBER@6..7 "2"
----

[1mDiff[0m:
----
LET_EXPR@0..[4m[31m10[0m[4m[32m7[0m
  LET_KW@0..[4m[31m3[0m[4m[32m1[0m "l[4m[31met[0m"
  [4m[31mBIND[0m[4m[32mWHITESPACE@1..2 "e"
  PATH[0m_PAT@[4m[31m4[0m[4m[32m2[0m..[4m[31m5[0m[4m[32m3[0m
[4m[32m    PATH@2..3
      PATH_SEGMENT@2..3
    [0m    IDENT@[4m[31m4[0m[4m[32m2[0m..[4m[31m5[0m[4m[32m3 "t"
  WHITESPACE@3..4[0m "x"
  EQ@[4m[31m6[0m[4m[32m4[0m..[4m[31m7[0m[4m[32m5[0m "="
[4m[32m  WHITESPACE@5..6 "4"
[0m  LITERAL_EXPR@[4m[31m8[0m[4m[32m6[0m..[4m[31m10[0m[4m[32m7[0m
    NUMBER@[4m[31m8[0m[4m[32m6[0m..[4m[31m10[0m[4m[32m7[0m "[4m[31m4[0m2"
----


---- parser::grammar::expr::tests::test_lambda_expressions stdout ----
Source::peek_token - starting at pos=0, char='|'
Source::peek_token - token PIPE with text "|"
TreeSink::token - adding token PIPE with text "|"
Source::peek_token - starting at pos=0, char='x'
Source::peek_token - token IDENT with text "x"
Source::peek_token - starting at pos=0, char='|'
Source::peek_token - token PIPE with text "|"
Source::peek_token - starting at pos=0, char=' '
Source::peek_token - token WHITESPACE with text " "
path - starting with token: Token { kind: IDENT, is_joined_to_next: false, len: 1 }
path_segment - starting with token: Token { kind: IDENT, is_joined_to_next: false, len: 1 }
TreeSink::token - adding token IDENT with text "x"
Source::peek_token - starting at pos=0, char='|'
Source::peek_token - token PIPE with text "|"
path_segment - parsed identifier, current token: Token { kind: PIPE, is_joined_to_next: false, len: 1 }
path_segment - finished node
path - parsed first segment, current token: Token { kind: PIPE, is_joined_to_next: false, len: 1 }
path - finished node
TreeSink::token - adding token PIPE with text "|"
Source::peek_token - starting at pos=0, char=' '
Source::peek_token - token WHITESPACE with text " "
TreeSink::token - adding token WHITESPACE with text "="
Source::peek_token - starting at pos=0, char='='
Source::peek_token - token EQ with text "="
binary - starting with token: Token { kind: EQ, is_joined_to_next: false, len: 1 }
path - starting with token: Token { kind: EQ, is_joined_to_next: false, len: 1 }
path - not an identifier
Literal parser - current token: Token { kind: EQ, is_joined_to_next: false, len: 1 }
Literal parser - no match for token kind EQ
prefix_expr - starting with token: Token { kind: EQ, is_joined_to_next: false, len: 1 }
prefix_expr - no prefix operator, trying field expression
field - starting with token: Token { kind: EQ, is_joined_to_next: false, len: 1 }
call - starting with token: Token { kind: EQ, is_joined_to_next: false, len: 1 }
atom - starting with token: Token { kind: EQ, is_joined_to_next: false, len: 1 }
atom - no match for token kind EQ
atom - returning false
call - failed to parse atom
field - failed to parse call expression


[1m[91merror[97m: expect test failed[0m
   [1m[34m-->[0m crates\parallax-lang\src\parser\grammar\expr.rs:1361:13

[1mExpect[0m:
----
LAMBDA_EXPR@0..11
  PIPE@0..1 "|"
  BIND_PAT@1..2
    IDENT@1..2 "x"
  PIPE@2..3 "|"
  FAT_ARROW@4..6 "=>"
  BINARY_EXPR@7..11
    PATH@7..8
      PATH_SEGMENT@7..8
        IDENT@7..8 "x"
    STAR@9..10 "*"
    LITERAL_EXPR@11..12
      NUMBER@11..12 "2"
----

[1mActual[0m:
----
LAMBDA_EXPR@0..4
  PIPE@0..1 "|"
  PATH_PAT@1..2
    PATH@1..2
      PATH_SEGMENT@1..2
        IDENT@1..2 "x"
  PIPE@2..3 "|"
  WHITESPACE@3..4 "="
----

[1mDiff[0m:
----
LAMBDA_EXPR@0..[4m[31m11[0m[4m[32m4[0m
  PIPE@0..1 "|"
  [4m[31mBIND[0m[4m[32mPATH[0m_PAT@1..2
    [4m[31mIDENT@1..2 "x"
  PIPE@2..3 "|"
  FAT_ARROW@4..6 "=>"
  BINARY_EXPR@7..11
    PATH@7[0m[4m[32mPATH@1[0m..[4m[31m8[0m[4m[32m2[0m
      PATH_SEGMENT@[4m[31m7[0m[4m[32m1[0m..[4m[31m8[0m[4m[32m2[0m
        IDENT@[4m[31m7[0m[4m[32m1[0m..[4m[31m8[0m[4m[32m2[0m "x"
  [4m[31m  STAR@9..10[0m[4m[32mPIPE@2..3[0m "[4m[31m*[0m[4m[32m|[0m"
  [4m[31m  LITERAL_EXPR@11..12
      NUMBER@11..12[0m[4m[32mWHITESPACE@3..4[0m "[4m[31m2[0m[4m[32m=[0m"
----


---- parser::grammar::expr::tests::test_paren_expressions stdout ----
Source::peek_token - starting at pos=0, char='('
Source::peek_token - token L_PAREN with text "("
TreeSink::token - adding token L_PAREN with text "("
Source::peek_token - starting at pos=0, char='1'
Source::peek_token - token NUMBER with text "1"
binary - starting with token: Token { kind: NUMBER, is_joined_to_next: false, len: 1 }
path - starting with token: Token { kind: NUMBER, is_joined_to_next: false, len: 1 }
path - not an identifier
Literal parser - current token: Token { kind: NUMBER, is_joined_to_next: false, len: 1 }
Literal parser - starting node
Literal parser - adding token kind=NUMBER len=1
TreeSink::token - adding token NUMBER with text "1"
Literal parser - bumping token
Source::peek_token - starting at pos=0, char=' '
Source::peek_token - token WHITESPACE with text " "
Literal parser - finishing node
TreeSink::token - adding token WHITESPACE with text "+"
Source::peek_token - starting at pos=0, char='+'
Source::peek_token - token PLUS with text "+"
TreeSink::token - adding token PLUS with text "2"
Source::peek_token - starting at pos=0, char=' '
Source::peek_token - token WHITESPACE with text " "
TreeSink::token - adding token WHITESPACE with text ")"
Source::peek_token - starting at pos=0, char='2'
Source::peek_token - token NUMBER with text "2"
path - starting with token: Token { kind: NUMBER, is_joined_to_next: false, len: 1 }
path - not an identifier
Literal parser - current token: Token { kind: NUMBER, is_joined_to_next: false, len: 1 }
Literal parser - starting node
Literal parser - adding token kind=NUMBER len=1
TreeSink::token - adding token NUMBER with text ""
Literal parser - bumping token
Source::peek_token - starting at pos=0, char=')'
Source::peek_token - token R_PAREN with text ")"
Literal parser - finishing node
TreeSink::token - adding token R_PAREN with text ""


[1m[91merror[97m: expect test failed[0m
   [1m[34m-->[0m crates\parallax-lang\src\parser\grammar\expr.rs:1651:13

[1mExpect[0m:
----
PAREN_EXPR@0..7
  L_PAREN@0..1 "("
  BINARY_EXPR@1..6
    LITERAL_EXPR@1..2
      NUMBER@1..2 "1"
    PLUS@3..4 "+"
    LITERAL_EXPR@5..6
      NUMBER@5..6 "2"
  R_PAREN@6..7 ")"
----

[1mActual[0m:
----
PAREN_EXPR@0..5
  L_PAREN@0..1 "("
  LITERAL_EXPR@1..2
    NUMBER@1..2 "1"
  WHITESPACE@2..3 "+"
  BINARY_EXPR@3..5
    PLUS@3..4 "2"
    WHITESPACE@4..5 ")"
    LITERAL_EXPR@5..5
      NUMBER@5..5 ""
  R_PAREN@5..5 ""
----

[1mDiff[0m:
----
PAREN_EXPR@0..[4m[31m7[0m[4m[32m5[0m
  L_PAREN@0..1 "("
[4m[31m  BINARY_EXPR@1..6
  [0m  LITERAL_EXPR@1..2
    [4m[31m  [0mNUMBER@1..2 "1"
  [4m[31m  PLUS@3..4 "+[0m[4m[32mWHITESPACE@2..3 "+"
  BINARY_EXPR@3..5
    PLUS@3..4 "2"
    WHITESPACE@4..5 ")[0m"
    LITERAL_EXPR@5..[4m[31m6[0m[4m[32m5[0m
      NUMBER@5..[4m[31m6[0m[4m[32m5[0m "[4m[31m2[0m"
  R_PAREN@[4m[31m6[0m[4m[32m5[0m..[4m[31m7[0m[4m[32m5[0m "[4m[31m)[0m"
----


---- parser::grammar::expr::tests::test_map_expressions stdout ----
Source::peek_token - starting at pos=0, char='{'
Source::peek_token - token L_CURLY with text "{"
TreeSink::token - adding token L_CURLY with text "{"
Source::peek_token - starting at pos=0, char='}'
Source::peek_token - token R_CURLY with text "}"
TreeSink::token - adding token R_CURLY with text "}"
Source::peek_token - starting at pos=0, char='{'
Source::peek_token - token L_CURLY with text "{"
TreeSink::token - adding token L_CURLY with text "{"
Source::peek_token - starting at pos=0, char=' '
Source::peek_token - token WHITESPACE with text " "
TreeSink::token - adding token WHITESPACE with text "\""
Source::peek_token - starting at pos=0, char='"'
Source::peek_token - token STRING with text "\"name\""
binary - starting with token: Token { kind: STRING, is_joined_to_next: false, len: 6 }
path - starting with token: Token { kind: STRING, is_joined_to_next: false, len: 6 }
path - not an identifier
Literal parser - current token: Token { kind: STRING, is_joined_to_next: false, len: 6 }
Literal parser - starting node
Literal parser - adding token kind=STRING len=6
TreeSink::token - adding token STRING with text "name\":"
Literal parser - bumping token
Source::peek_token - starting at pos=0, char=':'
Source::peek_token - token COLON with text ":"
Literal parser - finishing node
TreeSink::token - adding token COLON with text "\""
Source::peek_token - starting at pos=0, char=' '
Source::peek_token - token WHITESPACE with text " "
TreeSink::token - adding token WHITESPACE with text "A"
Source::peek_token - starting at pos=0, char='"'
Source::peek_token - token STRING with text "\"Alice\""
binary - starting with token: Token { kind: STRING, is_joined_to_next: false, len: 7 }
path - starting with token: Token { kind: STRING, is_joined_to_next: false, len: 7 }
path - not an identifier
Literal parser - current token: Token { kind: STRING, is_joined_to_next: false, len: 7 }
Literal parser - starting node
Literal parser - adding token kind=STRING len=7
TreeSink::token - adding token STRING with text "lice\", "
Literal parser - bumping token
Source::peek_token - starting at pos=0, char=','
Source::peek_token - token COMMA with text ","
Literal parser - finishing node
TreeSink::token - adding token COMMA with text "\""
Source::peek_token - starting at pos=0, char=' '
Source::peek_token - token WHITESPACE with text " "
TreeSink::token - adding token WHITESPACE with text "a"
Source::peek_token - starting at pos=0, char='"'
Source::peek_token - token STRING with text "\"age\""
binary - starting with token: Token { kind: STRING, is_joined_to_next: false, len: 5 }
path - starting with token: Token { kind: STRING, is_joined_to_next: false, len: 5 }
path - not an identifier
Literal parser - current token: Token { kind: STRING, is_joined_to_next: false, len: 5 }
Literal parser - starting node
Literal parser - adding token kind=STRING len=5
TreeSink::token - adding token STRING with text "ge\": "
Literal parser - bumping token
Source::peek_token - starting at pos=0, char=':'
Source::peek_token - token COLON with text ":"
Literal parser - finishing node
TreeSink::token - adding token COLON with text "3"
Source::peek_token - starting at pos=0, char=' '
Source::peek_token - token WHITESPACE with text " "
TreeSink::token - adding token WHITESPACE with text "0"
Source::peek_token - starting at pos=0, char='3'
Source::peek_token - token NUMBER with text "30"
binary - starting with token: Token { kind: NUMBER, is_joined_to_next: false, len: 2 }
path - starting with token: Token { kind: NUMBER, is_joined_to_next: false, len: 2 }
path - not an identifier
Literal parser - current token: Token { kind: NUMBER, is_joined_to_next: false, len: 2 }
Literal parser - starting node
Literal parser - adding token kind=NUMBER len=2
TreeSink::token - adding token NUMBER with text "}"
Literal parser - bumping token
Source::peek_token - starting at pos=0, char=' '
Source::peek_token - token WHITESPACE with text " "
Literal parser - finishing node
TreeSink::token - adding token WHITESPACE with text ""
Source::peek_token - starting at pos=0, char='}'
Source::peek_token - token R_CURLY with text "}"
TreeSink::token - adding token R_CURLY with text ""


[1m[91merror[97m: expect test failed[0m
   [1m[34m-->[0m crates\parallax-lang\src\parser\grammar\expr.rs:1500:13

[1mExpect[0m:
----
MAP_EXPR@0..31
  L_CURLY@0..1 "{"
  MAP_ENTRY@2..16
    LITERAL_EXPR@2..8
      STRING@2..8 "\"name\""
    COLON@8..9 ":"
    LITERAL_EXPR@10..17
      STRING@10..17 "\"Alice\""
  COMMA@17..18 ","
  MAP_ENTRY@19..29
    LITERAL_EXPR@19..24
      STRING@19..24 "\"age\""
    COLON@24..25 ":"
    LITERAL_EXPR@26..28
      NUMBER@26..28 "30"
  R_CURLY@29..30 "}"
----

[1mActual[0m:
----
MAP_EXPR@0..27
  L_CURLY@0..1 "{"
  WHITESPACE@1..2 "\""
  MAP_ENTRY@2..17
    LITERAL_EXPR@2..8
      STRING@2..8 "name\":"
    COLON@8..9 "\""
    WHITESPACE@9..10 "A"
    LITERAL_EXPR@10..17
      STRING@10..17 "lice\", "
  COMMA@17..18 "\""
  WHITESPACE@18..19 "a"
  MAP_ENTRY@19..27
    LITERAL_EXPR@19..24
      STRING@19..24 "ge\": "
    COLON@24..25 "3"
    WHITESPACE@25..26 "0"
    LITERAL_EXPR@26..27
      NUMBER@26..27 "}"
    WHITESPACE@27..27 ""
  R_CURLY@27..27 ""
----

[1mDiff[0m:
----
MAP_EXPR@0..[4m[31m31[0m[4m[32m27[0m
  L_CURLY@0..1 "{"
[4m[32m  WHITESPACE@1..2 "\""
[0m  MAP_ENTRY@2..1[4m[31m6[0m[4m[32m7[0m
    LITERAL_EXPR@2..8
      STRING@2..8 [4m[31m"\[0m"name\"[4m[32m:[0m"
    COLON@8..9 "[4m[31m:[0m[4m[32m\""
    WHITESPACE@9..10 "A[0m"
    LITERAL_EXPR@10..17
      STRING@10..17 "[4m[31m\"A[0mlice\"[4m[32m, [0m"
  COMMA@17..18 "[4m[31m,[0m[4m[32m\""
  WHITESPACE@18..19 "a[0m"
  MAP_ENTRY@19..2[4m[31m9[0m[4m[32m7[0m
    LITERAL_EXPR@19..24
      STRING@19..24 "[4m[31m\"a[0mge\"[4m[32m: [0m"
    COLON@24..25 "[4m[31m:[0m[4m[32m3"
    WHITESPACE@25..26 "0[0m"
    LITERAL_EXPR@26..2[4m[31m8[0m[4m[32m7[0m
      NUMBER@26..2[4m[31m8 "30[0m[4m[32m7 "}"
    WHITESPACE@27..27 "[0m"
  R_CURLY@2[4m[31m9[0m[4m[32m7[0m..[4m[31m30[0m[4m[32m27[0m "[4m[31m}[0m"
----


---- parser::grammar::expr::tests::test_struct_expressions stdout ----
Source::peek_token - starting at pos=0, char='P'
Source::peek_token - token IDENT with text "Point"
path - starting with token: Token { kind: IDENT, is_joined_to_next: false, len: 5 }
path_segment - starting with token: Token { kind: IDENT, is_joined_to_next: false, len: 5 }
TreeSink::token - adding token IDENT with text "Point"
Source::peek_token - starting at pos=0, char=' '
Source::peek_token - token WHITESPACE with text " "
path_segment - parsed identifier, current token: Token { kind: WHITESPACE, is_joined_to_next: false, len: 1 }
path_segment - finished node
path - parsed first segment, current token: Token { kind: WHITESPACE, is_joined_to_next: false, len: 1 }
path - finished node


[1m[91merror[97m: expect test failed[0m
   [1m[34m-->[0m crates\parallax-lang\src\parser\grammar\expr.rs:1594:13

[1mExpect[0m:
----
STRUCT_EXPR@0..8
  PATH@0..5
    PATH_SEGMENT@0..5
      IDENT@0..5 "Point"
  L_CURLY@6..7 "{"
  R_CURLY@7..8 "}"
----

[1mActual[0m:
----
PATH@0..5
  PATH_SEGMENT@0..5
    IDENT@0..5 "Point"
----

[1mDiff[0m:
----
[4m[31mSTRUCT_EXPR@0..8
  [0mPATH@0..5
  [4m[31m  [0mPATH_SEGMENT@0..5
    [4m[31m  [0mIDENT@0..5 "Point"[4m[31m
  L_CURLY@6..7 "{"
  R_CURLY@7..8 "}"[0m
----


---- parser::grammar::expr::tests::test_match_expressions stdout ----
Source::peek_token - starting at pos=0, char='m'
Source::peek_token - token MATCH_KW with text "match"
TreeSink::token - adding token MATCH_KW with text "m"
Source::peek_token - starting at pos=0, char=' '
Source::peek_token - token WHITESPACE with text " "
TreeSink::token - adding token WHITESPACE with text "a"
Source::peek_token - starting at pos=0, char='x'
Source::peek_token - token IDENT with text "x"
binary - starting with token: Token { kind: IDENT, is_joined_to_next: false, len: 1 }
path - starting with token: Token { kind: IDENT, is_joined_to_next: false, len: 1 }
path_segment - starting with token: Token { kind: IDENT, is_joined_to_next: false, len: 1 }
TreeSink::token - adding token IDENT with text "t"
Source::peek_token - starting at pos=0, char=' '
Source::peek_token - token WHITESPACE with text " "
path_segment - parsed identifier, current token: Token { kind: WHITESPACE, is_joined_to_next: false, len: 1 }
path_segment - finished node
path - parsed first segment, current token: Token { kind: WHITESPACE, is_joined_to_next: false, len: 1 }
path - finished node
TreeSink::token - adding token WHITESPACE with text "c"
Source::peek_token - starting at pos=0, char='{'
Source::peek_token - token L_CURLY with text "{"
TreeSink::token - adding token L_CURLY with text "h"
Source::peek_token - starting at pos=0, char=' '
Source::peek_token - token WHITESPACE with text " "
TreeSink::token - adding token WHITESPACE with text "x"
Source::peek_token - starting at pos=0, char='S'
Source::peek_token - token IDENT with text "Some"
Source::peek_token - starting at pos=0, char='('
Source::peek_token - token L_PAREN with text "("
Source::peek_token - starting at pos=0, char='v'
Source::peek_token - token IDENT with text "v"
path - starting with token: Token { kind: IDENT, is_joined_to_next: false, len: 4 }
path_segment - starting with token: Token { kind: IDENT, is_joined_to_next: false, len: 4 }
TreeSink::token - adding token IDENT with text "{ So"
Source::peek_token - starting at pos=0, char='('
Source::peek_token - token L_PAREN with text "("
path_segment - parsed identifier, current token: Token { kind: L_PAREN, is_joined_to_next: false, len: 1 }
path_segment - finished node
path - parsed first segment, current token: Token { kind: L_PAREN, is_joined_to_next: false, len: 1 }
path - finished node
binary - starting with token: Token { kind: L_PAREN, is_joined_to_next: false, len: 1 }
path - starting with token: Token { kind: L_PAREN, is_joined_to_next: false, len: 1 }
path - not an identifier
Literal parser - current token: Token { kind: L_PAREN, is_joined_to_next: false, len: 1 }
Literal parser - no match for token kind L_PAREN
prefix_expr - starting with token: Token { kind: L_PAREN, is_joined_to_next: false, len: 1 }
prefix_expr - no prefix operator, trying field expression
field - starting with token: Token { kind: L_PAREN, is_joined_to_next: false, len: 1 }
call - starting with token: Token { kind: L_PAREN, is_joined_to_next: false, len: 1 }
atom - starting with token: Token { kind: L_PAREN, is_joined_to_next: false, len: 1 }
atom - trying tuple
TreeSink::token - adding token L_PAREN with text "m"
Source::peek_token - starting at pos=0, char='v'
Source::peek_token - token IDENT with text "v"
binary - starting with token: Token { kind: IDENT, is_joined_to_next: false, len: 1 }
path - starting with token: Token { kind: IDENT, is_joined_to_next: false, len: 1 }
path_segment - starting with token: Token { kind: IDENT, is_joined_to_next: false, len: 1 }
TreeSink::token - adding token IDENT with text "e"
Source::peek_token - starting at pos=0, char=')'
Source::peek_token - token R_PAREN with text ")"
path_segment - parsed identifier, current token: Token { kind: R_PAREN, is_joined_to_next: false, len: 1 }
path_segment - finished node
path - parsed first segment, current token: Token { kind: R_PAREN, is_joined_to_next: false, len: 1 }
path - finished node
TreeSink::token - adding token R_PAREN with text "("
Source::peek_token - starting at pos=0, char=' '
Source::peek_token - token WHITESPACE with text " "
atom - returning true
call - parsed atom, current token: Token { kind: WHITESPACE, is_joined_to_next: false, len: 1 }
field - parsed call expression, current token: Token { kind: WHITESPACE, is_joined_to_next: false, len: 1 }
TreeSink::token - adding token WHITESPACE with text "v"
Source::peek_token - starting at pos=0, char='='
Source::peek_token - token EQ with text "="


[1m[91merror[97m: expect test failed[0m
   [1m[34m-->[0m crates\parallax-lang\src\parser\grammar\expr.rs:1319:13

[1mExpect[0m:
----
MATCH_EXPR@0..33
  MATCH_KW@0..5 "match"
  PATH@6..7
    PATH_SEGMENT@6..7
      IDENT@6..7 "x"
  L_CURLY@8..9 "{"
  MATCH_ARM@10..21
    STRUCT_PAT@10..17
      PATH@10..14
        PATH_SEGMENT@10..14
          IDENT@10..14
            IDENT@10..14 "Some"
      L_PAREN@14..15 "("
      BIND_PAT@15..16
        IDENT@15..16 "v"
      R_PAREN@16..17 ")"
    FAT_ARROW@18..20 "=>"
    PATH_EXPR@21..22
      PATH@21..22
        PATH_SEGMENT@21..22
          IDENT@21..22
            IDENT@21..22 "v"
  COMMA@22..23 ","
  MATCH_ARM@24..32
    PATH_PAT@24..28
      PATH@24..28
        PATH_SEGMENT@24..28
          IDENT@24..28 "None"
    FAT_ARROW@29..31 "=>"
    LITERAL_EXPR@32..33
      NUMBER@32..33 "0"
  R_CURLY@34..35 "}"
----

[1mActual[0m:
----
MATCH_EXPR@0..14
  MATCH_KW@0..1 "m"
  WHITESPACE@1..2 "a"
  PATH@2..3
    PATH_SEGMENT@2..3
      IDENT@2..3 "t"
  WHITESPACE@3..4 "c"
  L_CURLY@4..5 "h"
  WHITESPACE@5..6 "x"
  MATCH_ARM@6..14
    PATH_PAT@6..10
      PATH@6..10
        PATH_SEGMENT@6..10
          IDENT@6..10 "{ So"
    TUPLE_EXPR@10..13
      L_PAREN@10..11 "m"
      PATH@11..12
        PATH_SEGMENT@11..12
          IDENT@11..12 "e"
      R_PAREN@12..13 "("
    WHITESPACE@13..14 "v"
----

[1mDiff[0m:
----
MATCH_EXPR@0..[4m[31m33[0m[4m[32m14[0m
  MATCH_KW@0..[4m[31m5[0m[4m[32m1[0m "m[4m[31match"
  PATH@6..7
    PATH_SEGMENT@6..7
      IDENT@6..7 "x"
  L_CURLY@8..9 "{"
  MATCH_ARM[0m[4m[32m"
  WHITESPACE[0m@1[4m[31m0[0m..2[4m[31m1
    STRUCT_PAT@10..17
      PATH@10..14
 [0m[4m[32m "a"
  PATH@2..3
[0m    [4m[31m   [0mPATH_SEGMENT@[4m[31m10..14
   [0m[4m[32m2..3
[0m      [4m[31m [0mIDENT@[4m[31m10..14
            IDENT@10[0m[4m[32m2..3 "t"
  WHITESPACE@3[0m..[4m[31m1[0m4 "[4m[31mSome"
      L_PAREN@1[0m[4m[32mc"
  L_CURLY@[0m4..[4m[31m1[0m5 "[4m[31m([0m[4m[32mh[0m"
  [4m[31m    BIND_PAT@15..16
        IDENT@15..16 "v"
      R_PAREN@16..17[0m[4m[32mWHITESPACE@5..6[0m "[4m[31m)[0m[4m[32mx[0m"
  [4m[31m  FAT_ARROW@18..20 "=>"
    PATH_EXPR@21..22[0m[4m[32mMATCH_ARM@6..14
    PATH_PAT@6..10[0m
      PATH@[4m[31m21..22[0m[4m[32m6..10[0m
        PATH_SEGMENT@[4m[31m21..22
          IDENT@21..22
 [0m[4m[32m6..10
[0m          [4m[31m [0mIDENT@[4m[31m21..22 "v"
  COMMA@22..23 ","
  MATCH_ARM@24..32
    PATH_PAT@24..28[0m[4m[32m6..10 "{ So"
    TUPLE_EXPR@10..13
      L_PAREN@10..11 "m"[0m
      PATH@[4m[31m24..28[0m[4m[32m11..12[0m
        PATH_SEGMENT@[4m[31m24..28[0m[4m[32m11..12[0m
          IDENT@[4m[31m24..28 "None"
    FAT_ARROW@29..31 "=>[0m[4m[32m11..12 "e"
      R_PAREN@12..13 "([0m"
    [4m[31mL[0m[4m[32mWH[0mITE[4m[31mRAL_EXPR@32..33
      NUMBER@32..33 "0"
  R_CURLY@34..35[0m[4m[32mSPACE@13..14[0m "[4m[31m}[0m[4m[32mv[0m"
----


---- tests::test_function stdout ----
Source::peek_token - starting at pos=0, char='f'
Source::peek_token - token FN_KW with text "fn"
TreeSink::token - adding token FN_KW with text "f"
Source::peek_token - starting at pos=0, char=' '
Source::peek_token - token WHITESPACE with text " "
TreeSink::token - adding token WHITESPACE with text "n"
Source::peek_token - starting at pos=0, char='m'
Source::peek_token - token IDENT with text "main"
TreeSink::token - adding token IDENT with text "m"
Source::peek_token - starting at pos=0, char='('
Source::peek_token - token L_PAREN with text "("
TreeSink::token - adding token L_PAREN with text "a"
Source::peek_token - starting at pos=0, char=')'
Source::peek_token - token R_PAREN with text ")"
TreeSink::token - adding token R_PAREN with text "i"
Source::peek_token - starting at pos=0, char=' '
Source::peek_token - token WHITESPACE with text " "
TreeSink::token - adding token WHITESPACE with text "n"
Source::peek_token - starting at pos=0, char='='
Source::peek_token - token EQ with text "="
TreeSink::token - adding token EQ with text "("
Source::peek_token - starting at pos=0, char=' '
Source::peek_token - token WHITESPACE with text " "
TreeSink::token - adding token WHITESPACE with text ")"
Source::peek_token - starting at pos=0, char='{'
Source::peek_token - token L_CURLY with text "{"
TreeSink::token - adding token L_CURLY with text "="
Source::peek_token - starting at pos=0, char='}'
Source::peek_token - token R_CURLY with text "}"
TreeSink::token - adding token R_CURLY with text "{"
Source::peek_token - starting at pos=0, char=';'
Source::peek_token - token SEMICOLON with text ";"
TreeSink::token - adding token SEMICOLON with text "}"


[1m[91merror[97m: expect test failed[0m
   [1m[34m-->[0m crates\parallax-lang\src\lib.rs:60:13

[1mExpect[0m:
----
SOURCE_FILE
  FUNCTION_DEF
    FN_KW "fn"
    WHITESPACE " "
    IDENT "main"
    PARAM_LIST
      L_PAREN "("
      R_PAREN ")"
    WHITESPACE " "
    EQ "="
    WHITESPACE " "
    BLOCK_EXPR
      L_CURLY "{"
      R_CURLY "}"
    SEMI ";"

----

[1mActual[0m:
----
SOURCE_FILE
  FUNCTION_DEF
    FN_KW "f"
    WHITESPACE "n"
    IDENT "m"
    PARAM_LIST
      L_PAREN "a"
      R_PAREN "i"
    WHITESPACE "n"
    EQ "("
    WHITESPACE ")"
    BLOCK_EXPR
      L_CURLY "="
      R_CURLY "{"
    SEMICOLON "}"

----

[1mDiff[0m:
----
SOURCE_FILE
  FUNCTION_DEF
    FN_KW "f[4m[31mn[0m"
    WHITESPACE "[4m[31m [0m[4m[32mn[0m"
    IDENT "m[4m[31main[0m"
    PARAM_LIST
      L_PAREN "[4m[31m([0m[4m[32ma[0m"
      R_PAREN "[4m[31m)[0m[4m[32mi[0m"
    WHITESPACE "[4m[31m [0m[4m[32mn[0m"
    EQ "[4m[31m=[0m[4m[32m([0m"
    WHITESPACE "[4m[31m [0m[4m[32m)[0m"
    BLOCK_EXPR
      L_CURLY "[4m[31m{[0m[4m[32m=[0m"
      R_CURLY "[4m[31m}[0m[4m[32m{[0m"
    SEMI[4m[32mCOLON[0m "[4m[31m;[0m[4m[32m}[0m"

----


---- parser::grammar::expr::tests::test_tuple_expressions stdout ----
Source::peek_token - starting at pos=0, char='('
Source::peek_token - token L_PAREN with text "("
TreeSink::token - adding token L_PAREN with text "("
Source::peek_token - starting at pos=0, char=')'
Source::peek_token - token R_PAREN with text ")"
TreeSink::token - adding token R_PAREN with text ")"
Source::peek_token - starting at pos=0, char='('
Source::peek_token - token L_PAREN with text "("
TreeSink::token - adding token L_PAREN with text "("
Source::peek_token - starting at pos=0, char='1'
Source::peek_token - token NUMBER with text "1"
binary - starting with token: Token { kind: NUMBER, is_joined_to_next: false, len: 1 }
path - starting with token: Token { kind: NUMBER, is_joined_to_next: false, len: 1 }
path - not an identifier
Literal parser - current token: Token { kind: NUMBER, is_joined_to_next: false, len: 1 }
Literal parser - starting node
Literal parser - adding token kind=NUMBER len=1
TreeSink::token - adding token NUMBER with text "1"
Literal parser - bumping token
Source::peek_token - starting at pos=0, char=','
Source::peek_token - token COMMA with text ","
Literal parser - finishing node
TreeSink::token - adding token COMMA with text ","
Source::peek_token - starting at pos=0, char=')'
Source::peek_token - token R_PAREN with text ")"
TreeSink::token - adding token R_PAREN with text ")"
Source::peek_token - starting at pos=0, char='('
Source::peek_token - token L_PAREN with text "("
TreeSink::token - adding token L_PAREN with text "("
Source::peek_token - starting at pos=0, char='1'
Source::peek_token - token NUMBER with text "1"
binary - starting with token: Token { kind: NUMBER, is_joined_to_next: false, len: 1 }
path - starting with token: Token { kind: NUMBER, is_joined_to_next: false, len: 1 }
path - not an identifier
Literal parser - current token: Token { kind: NUMBER, is_joined_to_next: false, len: 1 }
Literal parser - starting node
Literal parser - adding token kind=NUMBER len=1
TreeSink::token - adding token NUMBER with text "1"
Literal parser - bumping token
Source::peek_token - starting at pos=0, char=','
Source::peek_token - token COMMA with text ","
Literal parser - finishing node
TreeSink::token - adding token COMMA with text ","
Source::peek_token - starting at pos=0, char=' '
Source::peek_token - token WHITESPACE with text " "
TreeSink::token - adding token WHITESPACE with text "\""
Source::peek_token - starting at pos=0, char='"'
Source::peek_token - token STRING with text "\"hello\""
binary - starting with token: Token { kind: STRING, is_joined_to_next: false, len: 7 }
path - starting with token: Token { kind: STRING, is_joined_to_next: false, len: 7 }
path - not an identifier
Literal parser - current token: Token { kind: STRING, is_joined_to_next: false, len: 7 }
Literal parser - starting node
Literal parser - adding token kind=STRING len=7
TreeSink::token - adding token STRING with text "hello\","
Literal parser - bumping token
Source::peek_token - starting at pos=0, char=','
Source::peek_token - token COMMA with text ","
Literal parser - finishing node
TreeSink::token - adding token COMMA with text "t"
Source::peek_token - starting at pos=0, char=' '
Source::peek_token - token WHITESPACE with text " "
TreeSink::token - adding token WHITESPACE with text "r"
Source::peek_token - starting at pos=0, char='t'
Source::peek_token - token TRUE_KW with text "true"
binary - starting with token: Token { kind: TRUE_KW, is_joined_to_next: false, len: 4 }
path - starting with token: Token { kind: TRUE_KW, is_joined_to_next: false, len: 4 }
path - not an identifier
Literal parser - current token: Token { kind: TRUE_KW, is_joined_to_next: false, len: 4 }
Literal parser - starting node
Literal parser - adding token kind=TRUE_KW len=4
TreeSink::token - adding token TRUE_KW with text "ue)"
Literal parser - bumping token
Source::peek_token - starting at pos=0, char=')'
Source::peek_token - token R_PAREN with text ")"
Literal parser - finishing node
TreeSink::token - adding token R_PAREN with text ""


[1m[91merror[97m: expect test failed[0m
   [1m[34m-->[0m crates\parallax-lang\src\parser\grammar\expr.rs:1469:13

[1mExpect[0m:
----
TUPLE_EXPR@0..19
  L_PAREN@0..1 "("
  LITERAL_EXPR@1..2
    NUMBER@1..2 "1"
  COMMA@2..3 ","
  LITERAL_EXPR@4..11
    STRING@4..11 "\"hello\""
  COMMA@11..12 ","
  LITERAL_EXPR@13..17
    TRUE_KW@13..17 "true"
  R_PAREN@17..18 ")"
----

[1mActual[0m:
----
TUPLE_EXPR@0..16
  L_PAREN@0..1 "("
  LITERAL_EXPR@1..2
    NUMBER@1..2 "1"
  COMMA@2..3 ","
  WHITESPACE@3..4 "\""
  LITERAL_EXPR@4..11
    STRING@4..11 "hello\","
  COMMA@11..12 "t"
  WHITESPACE@12..13 "r"
  LITERAL_EXPR@13..16
    TRUE_KW@13..16 "ue)"
  R_PAREN@16..16 ""
----

[1mDiff[0m:
----
TUPLE_EXPR@0..1[4m[31m9[0m[4m[32m6[0m
  L_PAREN@0..1 "("
  LITERAL_EXPR@1..2
    NUMBER@1..2 "1"
  COMMA@2..3 ","
[4m[32m  WHITESPACE@3..4 "\""
[0m  LITERAL_EXPR@4..11
    STRING@4..11 [4m[31m"\[0m"hello\"[4m[32m,[0m"
  COMMA@11..12 "[4m[31m,[0m[4m[32mt"
  WHITESPACE@12..13 "r[0m"
  LITERAL_EXPR@13..1[4m[31m7[0m[4m[32m6[0m
    TRUE_KW@13..1[4m[31m7[0m[4m[32m6[0m "[4m[31mtr[0mue[4m[32m)[0m"
  R_PAREN@1[4m[31m7[0m[4m[32m6[0m..1[4m[31m8[0m[4m[32m6[0m "[4m[31m)[0m"
----


---- parser::tests::test_function stdout ----
Source::peek_token - starting at pos=0, char='f'
Source::peek_token - token FN_KW with text "fn"
TreeSink::token - adding token FN_KW with text "f"
Source::peek_token - starting at pos=0, char=' '
Source::peek_token - token WHITESPACE with text " "
TreeSink::token - adding token WHITESPACE with text "n"
Source::peek_token - starting at pos=0, char='m'
Source::peek_token - token IDENT with text "main"
TreeSink::token - adding token IDENT with text "m"
Source::peek_token - starting at pos=0, char='('
Source::peek_token - token L_PAREN with text "("
TreeSink::token - adding token L_PAREN with text "a"
Source::peek_token - starting at pos=0, char=')'
Source::peek_token - token R_PAREN with text ")"
TreeSink::token - adding token R_PAREN with text "i"
Source::peek_token - starting at pos=0, char=' '
Source::peek_token - token WHITESPACE with text " "
TreeSink::token - adding token WHITESPACE with text "n"
Source::peek_token - starting at pos=0, char='='
Source::peek_token - token EQ with text "="
TreeSink::token - adding token EQ with text "("
Source::peek_token - starting at pos=0, char=' '
Source::peek_token - token WHITESPACE with text " "
TreeSink::token - adding token WHITESPACE with text ")"
Source::peek_token - starting at pos=0, char='{'
Source::peek_token - token L_CURLY with text "{"
TreeSink::token - adding token L_CURLY with text "="
Source::peek_token - starting at pos=0, char='}'
Source::peek_token - token R_CURLY with text "}"
TreeSink::token - adding token R_CURLY with text "{"
Source::peek_token - starting at pos=0, char=';'
Source::peek_token - token SEMICOLON with text ";"
TreeSink::token - adding token SEMICOLON with text "}"


[1m[91merror[97m: expect test failed[0m
   [1m[34m-->[0m crates\parallax-lang\src\parser\mod.rs:143:13

[1mExpect[0m:
----
SOURCE_FILE
  FUNCTION_DEF
    FN_KW "fn"
    WHITESPACE " "
    IDENT "main"
    PARAM_LIST
      L_PAREN "("
      R_PAREN ")"
    WHITESPACE " "
    EQ "="
    WHITESPACE " "
    BLOCK_EXPR
      L_CURLY "{"
      R_CURLY "}"
    SEMI ";"

----

[1mActual[0m:
----
SOURCE_FILE
  FUNCTION_DEF
    FN_KW "f"
    WHITESPACE "n"
    IDENT "m"
    PARAM_LIST
      L_PAREN "a"
      R_PAREN "i"
    WHITESPACE "n"
    EQ "("
    WHITESPACE ")"
    BLOCK_EXPR
      L_CURLY "="
      R_CURLY "{"
    SEMICOLON "}"

----

[1mDiff[0m:
----
SOURCE_FILE
  FUNCTION_DEF
    FN_KW "f[4m[31mn[0m"
    WHITESPACE "[4m[31m [0m[4m[32mn[0m"
    IDENT "m[4m[31main[0m"
    PARAM_LIST
      L_PAREN "[4m[31m([0m[4m[32ma[0m"
      R_PAREN "[4m[31m)[0m[4m[32mi[0m"
    WHITESPACE "[4m[31m [0m[4m[32mn[0m"
    EQ "[4m[31m=[0m[4m[32m([0m"
    WHITESPACE "[4m[31m [0m[4m[32m)[0m"
    BLOCK_EXPR
      L_CURLY "[4m[31m{[0m[4m[32m=[0m"
      R_CURLY "[4m[31m}[0m[4m[32m{[0m"
    SEMI[4m[32mCOLON[0m "[4m[31m;[0m[4m[32m}[0m"

----



failures:
    parser::grammar::expr::tests::test_array_expressions
    parser::grammar::expr::tests::test_arrow_expressions
    parser::grammar::expr::tests::test_block_expressions
    parser::grammar::expr::tests::test_if_expressions
    parser::grammar::expr::tests::test_lambda_expressions
    parser::grammar::expr::tests::test_let_expressions
    parser::grammar::expr::tests::test_map_expressions
    parser::grammar::expr::tests::test_match_expressions
    parser::grammar::expr::tests::test_paren_expressions
    parser::grammar::expr::tests::test_struct_expressions
    parser::grammar::expr::tests::test_tuple_expressions
    parser::tests::test_function
    tests::test_function

test result: FAILED. 5 passed; 13 failed; 0 ignored; 0 measured; 0 filtered out; finished in 0.02s

